sol  405 REMS ok (0 new)
sol  407 REMS ok (0 new)
sol  406 REMS ok (0 new)
sol  408 REMS ok (0 new)
sol  409 REMS ok (0 new)
sol  410 REMS ok (0 new)
sol  410 RAD  ok (0 new)
sol  409 RAD  ok (0 new)
sol  411 RAD  ok (0 new)
sol  411 REMS ok (0 new)
sol  412 REMS ok (0 new)
sol  412 RAD  ok (0 new)
sol  413 RAD  ok (0 new)
sol  413 REMS ok (0 new)
sol  414 RAD  ok (0 new)
sol  414 REMS ok (0 new)
sol  415 REMS ok (0 new)
sol  415 RAD  ok (0 new)
sol  416 RAD  ok (0 new)
sol  416 REMS ok (0 new)
sol  417 RAD  ok (0 new)
sol  417 REMS ok (0 new)
sol  418 REMS ok (0 new)
sol  418 RAD  ok (0 new)
sol  419 RAD  ok (0 new)
sol  419 REMS ok (0 new)
sol  420 REMS ok (0 new)
sol  420 RAD  ok (0 new)
sol  421 REMS ok (0 new)
sol  421 RAD  ok (0 new)
sol  422 REMS ok (0 new)
sol  422 RAD  ok (0 new)
sol  423 REMS ok (0 new)
sol  423 RAD  ok (0 new)
sol  424 RAD  ok (0 new)
sol  424 REMS ok (0 new)
sol  425 RAD  ok (0 new)
sol  425 REMS ok (0 new)
sol  426 REMS ok (0 new)
sol  426 RAD  ok (0 new)
sol  427 REMS ok (0 new)
sol  427 RAD  ok (0 new)
sol  428 RAD  ok (0 new)
sol  428 REMS ok (0 new)
sol  429 REMS ok (0 new)
sol  429 RAD  ok (0 new)
sol  430 RAD  ok (0 new)
sol  430 REMS ok (0 new)
sol  725 RAD  ok (0 new)
sol  725 REMS ok (0 new)
sol  726 REMS ok (0 new)
sol  726 RAD  ok (0 new)
sol  727 REMS ok (0 new)
sol  727 RAD  ok (0 new)
sol  728 REMS ok (0 new)
sol  728 RAD  ok (0 new)
sol  729 RAD  ok (0 new)
sol  729 REMS ok (0 new)
sol  730 REMS ok (0 new)
sol  730 RAD  ok (0 new)
sol  731 RAD  ok (0 new)
sol  731 REMS ok (0 new)
sol  732 REMS ok (0 new)
sol  732 RAD  ok (0 new)
sol  733 RAD  ok (0 new)
sol  733 REMS ok (0 new)
sol  734 RAD  ok (0 new)
sol  734 REMS ok (0 new)
sol  735 REMS ok (0 new)
sol  735 RAD  ok (0 new)
sol  736 RAD  ok (0 new)
sol  736 REMS ok (0 new)
sol  737 RAD  ok (0 new)
sol  737 REMS ok (0 new)
sol  738 REMS ok (0 new)
sol  407 RAD  ok (0 new)
sol  739 REMS ok (0 new)
sol  405 RAD  ok (0 new)
sol  738 RAD  ok (0 new)
sol  406 RAD  ok (0 new)
sol  739 RAD  ok (0 new)
sol  408 RAD  ok (0 new)
sol  740 RAD  ok (0 new)
sol  740 REMS ok (0 new)
sol  741 RAD  ok (0 new)
sol  741 REMS ok (0 new)
sol  743 RAD  ok (0 new)
sol  742 RAD  ok (0 new)
sol  744 REMS ok (0 new)
sol  744 RAD  ok (0 new)
sol  745 RAD  ok (0 new)
sol  745 REMS ok (0 new)
sol  746 REMS ok (0 new)
sol  747 RAD  ok (0 new)
sol  743 REMS ok (0 new)
sol  742 REMS ok (0 new)
sol  746 RAD  ok (0 new)
sol  748 RAD  ok (0 new)
sol  748 REMS ok (0 new)
sol  749 RAD  ok (0 new)
sol  750 REMS ok (0 new)
sol  749 REMS ok (0 new)
sol  750 RAD  ok (0 new)
sol  772 REMS ok (0 new)
sol  772 RAD  ok (0 new)
sol  747 REMS ok (0 new)
sol  773 RAD  ok (0 new)
sol  773 REMS ok (0 new)
sol  774 REMS ok (0 new)
sol  774 RAD  ok (0 new)
sol  775 RAD  ok (0 new)
sol  775 REMS ok (0 new)
sol  776 REMS ok (0 new)
sol  776 RAD  ok (0 new)
sol  777 REMS ok (0 new)
sol  777 RAD  ok (0 new)
sol  778 REMS ok (0 new)
sol  779 RAD  ok (0 new)
sol  779 REMS ok (0 new)
sol  778 RAD  ok (0 new)
sol  780 RAD  ok (0 new)
sol  780 REMS ok (0 new)
sol  781 RAD  ok (0 new)
sol  781 REMS ok (0 new)
sol  782 RAD  FAILED: no RAD RDR product for sol 782
sol  782 REMS ok (0 new)
sol  783 RAD  ok (0 new)
sol  783 REMS ok (0 new)
sol  784 RAD  ok (0 new)
sol  785 REMS ok (0 new)
sol  784 REMS ok (0 new)
sol  785 RAD  ok (0 new)
sol  786 REMS ok (0 new)
sol  786 RAD  ok (0 new)
sol  787 REMS ok (0 new)
sol  787 RAD  ok (0 new)
sol  788 RAD  ok (0 new)
sol  788 REMS ok (0 new)
sol  789 RAD  ok (0 new)
sol  790 RAD  ok (0 new)
sol  789 REMS ok (0 new)
sol  791 REMS ok (0 new)
sol  790 REMS ok (0 new)
sol  792 REMS ok (0 new)
sol  793 REMS ok (0 new)
sol  793 RAD  ok (0 new)
sol  792 RAD  ok (0 new)
sol  791 RAD  ok (0 new)
sol  794 REMS ok (0 new)
sol  795 REMS ok (0 new)
sol  795 RAD  ok (0 new)
sol  796 RAD  ok (0 new)
sol  796 REMS ok (0 new)
sol  797 REMS ok (0 new)
sol  798 RAD  ok (0 new)
sol  794 RAD  ok (0 new)
sol  798 REMS ok (0 new)
sol  799 REMS ok (0 new)
sol  799 RAD  ok (0 new)
sol  797 RAD  ok (0 new)
sol  800 REMS ok (0 new)
sol  800 RAD  ok (0 new)
sol  801 RAD  ok (0 new)
sol  801 REMS ok (0 new)
sol  802 RAD  ok (0 new)
sol  802 REMS ok (0 new)
sol  803 RAD  ok (0 new)
sol  803 REMS ok (0 new)
sol  804 REMS ok (0 new)
sol  804 RAD  ok (0 new)
sol  805 REMS ok (0 new)
sol  806 REMS ok (0 new)
sol  807 REMS ok (0 new)
sol  808 REMS ok (0 new)
sol  808 RAD  ok (0 new)
sol  805 RAD  ok (0 new)
sol  806 RAD  ok (0 new)
sol  807 RAD  ok (0 new)
sol  809 REMS ok (0 new)
sol  809 RAD  ok (0 new)
sol  810 RAD  ok (0 new)
sol  811 RAD  ok (0 new)
sol  810 REMS ok (0 new)
sol  811 REMS ok (0 new)
sol  812 RAD  ok (0 new)
sol  812 REMS ok (0 new)
sol  813 RAD  ok (0 new)
sol  814 RAD  ok (0 new)
sol  813 REMS ok (0 new)
sol  814 REMS ok (0 new)
sol  815 REMS ok (0 new)
sol  815 RAD  ok (0 new)
sol  816 RAD  ok (0 new)
sol  816 REMS ok (0 new)
sol  817 RAD  ok (0 new)
sol  817 REMS ok (0 new)
sol  818 RAD  ok (0 new)
sol  818 REMS ok (0 new)
sol  819 RAD  ok (0 new)
sol  819 REMS ok (0 new)
sol  820 RAD  ok (0 new)
sol  820 REMS ok (0 new)
sol  864 RAD  ok (0 new)
sol  864 REMS ok (0 new)
sol  865 RAD  ok (0 new)
sol  866 RAD  ok (0 new)
sol  867 RAD  ok (0 new)
sol  865 REMS ok (0 new)
sol  866 REMS ok (0 new)
sol  867 REMS ok (0 new)
sol  868 RAD  ok (0 new)
sol  869 RAD  ok (0 new)
sol  868 REMS ok (0 new)
sol  869 REMS ok (0 new)
sol  870 RAD  ok (0 new)
sol  870 REMS ok (0 new)
sol  871 RAD  ok (0 new)
sol  872 RAD  ok (0 new)
sol  871 REMS ok (0 new)
sol  872 REMS ok (0 new)
sol  873 RAD  ok (0 new)
sol  873 REMS ok (0 new)
sol  874 RAD  ok (0 new)
sol  875 RAD  FAILED: no RAD RDR product for sol 875
sol  876 RAD  FAILED: no RAD RDR product for sol 876
sol  877 RAD  FAILED: no RAD RDR product for sol 877
sol  878 RAD  FAILED: no RAD RDR product for sol 878
sol  874 REMS FAILED: Client error '404 Not Found' for url 'https://atmos.nmsu.edu/PDS/data/mslrem_1001/DATA/SOL_00805_00938/SOL00874/'
For more information check: https://developer.mozilla.org/en-US/docs/Web/HTTP/Status/404
sol  875 REMS FAILED: Client error '404 Not Found' for url 'https://atmos.nmsu.edu/PDS/data/mslrem_1001/DATA/SOL_00805_00938/SOL00875/'
For more information check: https://developer.mozilla.org/en-US/docs/Web/HTTP/Status/404
sol  876 REMS FAILED: Client error '404 Not Found' for url 'https://atmos.nmsu.edu/PDS/data/mslrem_1001/DATA/SOL_00805_00938/SOL00876/'
For more information check: https://developer.mozilla.org/en-US/docs/Web/HTTP/Status/404
sol  877 REMS FAILED: Client error '404 Not Found' for url 'https://atmos.nmsu.edu/PDS/data/mslrem_1001/DATA/SOL_00805_00938/SOL00877/'
For more information check: https://developer.mozilla.org/en-US/docs/Web/HTTP/Status/404
sol  880 REMS ok (0 new)
sol  878 REMS FAILED: Client error '404 Not Found' for url 'https://atmos.nmsu.edu/PDS/data/mslrem_1001/DATA/SOL_00805_00938/SOL00878/'
For more information check: https://developer.mozilla.org/en-US/docs/Web/HTTP/Status/404
sol  881 REMS ok (0 new)
sol  882 REMS ok (0 new)
sol  879 REMS FAILED: Client error '404 Not Found' for url 'https://atmos.nmsu.edu/PDS/data/mslrem_1001/DATA/SOL_00805_00938/SOL00879/'
For more information check: https://developer.mozilla.org/en-US/docs/Web/HTTP/Status/404
sol  879 RAD  FAILED: no RAD RDR product for sol 879
sol  880 RAD  ok (0 new)
sol  883 REMS ok (0 new)
sol  884 REMS ok (0 new)
sol  881 RAD  ok (0 new)
sol  884 RAD  ok (0 new)
sol  885 REMS ok (0 new)
sol  885 RAD  ok (0 new)
sol  882 RAD  ok (0 new)
sol  886 RAD  ok (0 new)
sol  886 REMS ok (0 new)
sol  883 RAD  ok (0 new)
sol  887 REMS ok (0 new)
sol  887 RAD  ok (0 new)
sol  888 RAD  ok (0 new)
sol  888 REMS ok (0 new)
sol  889 RAD  ok (0 new)
sol  890 RAD  ok (0 new)
sol  889 REMS ok (0 new)
sol  890 REMS ok (0 new)
sol  891 REMS ok (0 new)
sol  891 RAD  ok (0 new)
sol  892 REMS ok (0 new)
sol  892 RAD  ok (0 new)
sol  893 RAD  ok (0 new)
sol  893 REMS ok (0 new)
sol  894 RAD  ok (0 new)
sol  894 REMS ok (0 new)
sol  895 RAD  ok (0 new)
sol  895 REMS ok (0 new)
sol  896 REMS ok (0 new)
sol  896 RAD  ok (0 new)
sol  897 REMS ok (0 new)
sol  897 RAD  ok (0 new)
sol  898 RAD  ok (0 new)
sol  898 REMS ok (0 new)
sol  899 RAD  ok (0 new)
sol  899 REMS ok (0 new)
sol  900 RAD  ok (0 new)
sol  900 REMS ok (0 new)
sol  901 RAD  ok (0 new)
sol  902 RAD  ok (0 new)
sol  901 REMS ok (0 new)
sol  902 REMS ok (0 new)
sol  903 REMS ok (0 new)
sol  903 RAD  ok (0 new)
sol  904 RAD  ok (0 new)
sol  904 REMS ok (0 new)
sol  905 REMS ok (0 new)
sol  905 RAD  ok (0 new)
sol  906 RAD  ok (0 new)
sol  907 RAD  ok (0 new)
sol  907 REMS ok (0 new)
sol  908 REMS ok (0 new)
sol  908 RAD  ok (0 new)
sol  909 REMS ok (0 new)
sol  909 RAD  ok (0 new)
sol  906 REMS ok (0 new)
sol  910 RAD  ok (0 new)
sol  910 REMS ok (0 new)
sol  911 RAD  ok (0 new)
sol  911 REMS ok (0 new)
sol  912 RAD  ok (0 new)
sol  912 REMS ok (0 new)
sol  913 RAD  ok (0 new)
sol  913 REMS ok (0 new)
sol  914 RAD  ok (0 new)
sol  914 REMS ok (0 new)
sol  915 RAD  ok (0 new)
sol  915 REMS ok (0 new)
sol  916 REMS ok (0 new)
sol  916 RAD  ok (0 new)
sol  917 RAD  ok (0 new)
sol  917 REMS ok (0 new)
sol  918 REMS ok (0 new)
sol  918 RAD  ok (0 new)
sol  919 RAD  ok (0 new)
sol  919 REMS ok (0 new)
sol  920 RAD  ok (0 new)
sol  920 REMS ok (0 new)
sol  921 REMS ok (0 new)
sol  921 RAD  ok (0 new)
sol  922 RAD  ok (0 new)
sol  922 REMS ok (0 new)
sol  923 RAD  ok (0 new)
sol  923 REMS ok (0 new)
sol  924 RAD  ok (0 new)
sol  924 REMS ok (0 new)
sol  925 RAD  ok (0 new)
sol  925 REMS ok (0 new)
sol  926 REMS ok (0 new)
sol  926 RAD  ok (0 new)
sol  927 RAD  ok (0 new)
sol  927 REMS ok (0 new)
sol  928 REMS ok (0 new)
sol  928 RAD  ok (0 new)
sol  929 RAD  ok (0 new)
sol  929 REMS ok (0 new)
sol  930 RAD  ok (0 new)
sol  930 REMS ok (0 new)
sol 2061 REMS ok (0 new)
sol 2062 REMS ok (0 new)
sol 2062 RAD  ok (0 new)
sol 2061 RAD  ok (0 new)
sol 2063 RAD  ok (0 new)
sol 2063 REMS ok (0 new)
sol 2064 REMS ok (0 new)
sol 2064 RAD  ok (0 new)
sol 2065 RAD  ok (0 new)
sol 2065 REMS ok (0 new)
sol 2066 RAD  ok (0 new)
sol 2066 REMS ok (0 new)
sol 2067 RAD  ok (0 new)
sol 2067 REMS ok (0 new)
sol 2068 RAD  ok (0 new)
sol 2068 REMS ok (0 new)
sol 2069 RAD  ok (0 new)
sol 2069 REMS ok (0 new)
sol 2070 RAD  ok (0 new)
sol 2070 REMS ok (0 new)
sol 2071 RAD  ok (0 new)
sol 2071 REMS ok (0 new)
sol 2072 REMS ok (0 new)
sol 2072 RAD  ok (0 new)
sol 2073 RAD  ok (0 new)
sol 2073 REMS ok (0 new)
sol 2074 RAD  ok (0 new)
sol 2074 REMS ok (0 new)
sol 2075 RAD  ok (0 new)
sol 2075 REMS ok (0 new)
sol 2076 RAD  ok (0 new)
sol 2077 RAD  ok (0 new)
sol 2076 REMS ok (0 new)
sol 2078 RAD  ok (0 new)
sol 2077 REMS ok (0 new)
sol 2078 REMS ok (0 new)
sol 2079 RAD  ok (0 new)
sol 2079 REMS ok (0 new)
sol 2080 RAD  ok (0 new)
sol 2080 REMS ok (0 new)
sol 2081 REMS ok (0 new)
sol 2081 RAD  FAILED: no RAD RDR product for sol 2081
sol 2082 RAD  FAILED: no RAD RDR product for sol 2082
sol 2082 REMS ok (0 new)
sol 2083 RAD  FAILED: no RAD RDR product for sol 2083
sol 2083 REMS ok (0 new)
sol 2084 RAD  ok (0 new)
sol 2084 REMS ok (0 new)
sol 2085 REMS ok (0 new)
sol 2085 RAD  ok (0 new)
sol 2086 REMS ok (0 new)
sol 2086 RAD  ok (0 new)
sol 2087 REMS ok (0 new)
sol 2087 RAD  ok (0 new)
sol 2088 RAD  ok (0 new)
sol 2088 REMS ok (0 new)
sol 2089 RAD  ok (0 new)
sol 2089 REMS ok (0 new)
sol 2090 RAD  ok (0 new)
sol 2090 REMS ok (0 new)
sol 2091 RAD  ok (0 new)
sol 2091 REMS ok (0 new)
sol 2092 REMS ok (0 new)
sol 2093 RAD  ok (0 new)
sol 2093 REMS ok (0 new)
sol 2094 RAD  ok (0 new)
sol 2092 RAD  ok (0 new)
sol 2094 REMS ok (0 new)
sol 2095 RAD  ok (0 new)
sol 2095 REMS ok (0 new)
sol 2096 RAD  ok (0 new)
sol 2096 REMS ok (0 new)
sol 2097 RAD  ok (0 new)
sol 2097 REMS ok (0 new)
sol 2098 RAD  ok (0 new)
sol 2098 REMS ok (0 new)
sol 2099 RAD  ok (0 new)
sol 2099 REMS ok (0 new)
sol 2100 REMS ok (0 new)
sol 2100 RAD  ok (0 new)
sol 2101 RAD  ok (0 new)
sol 2101 REMS ok (0 new)
sol 2102 REMS ok (0 new)
sol 2102 RAD  ok (0 new)
sol 2103 RAD  ok (0 new)
sol 2104 RAD  ok (0 new)
sol 2103 REMS ok (0 new)
sol 2104 REMS ok (0 new)
sol 2105 RAD  ok (0 new)
sol 2105 REMS ok (0 new)
698 files in manifest, 15 failures this run
